Script started on 2023-02-28 01:54:31-05:00

2) Answer to Home directory question

bash-4.4$ ~

3) Answer to UID question

bash: /mnt/scratch/ilyas23sp: Is a directory
bash-4.4$ cat /etc/passwd[C[C[C[C[C[C[C[C[C[C | grep "ilyas23sp"
ilyas23sp:x:1068:1070::/mnt/scratch/ilyas23sp:/bin/bash
bash-4.4$ id ilyas23sp
uid=1068(ilyas23sp) gid=1070(ilyas23sp) groups=1070(ilyas23sp)

4) Answer to making directory and removing permissions question

bash-4.4$ mkdir temp
bash-4.4$ ls
as1.txt  asciihashtags.txt  grepgreat.txt  hashtaglinecount.txt  hashtags.csv  temp  test.txt
bash-4.4$ chmod 644 temp
bash-4.4$ ls -la temp
ls: cannot access 'temp/..': Permission denied
ls: cannot access 'temp/.': Permission denied
total 0
d????????? ? ? ? ?            ? .
d????????? ? ? ? ?            ? ..
bash-4.4$ ls temp
bash-4.4$ ls -l temp
total 0
bash-4.4$ mkdir tempwithperms
bash-4.4$ ls tempwithperms
bash-4.4$ les -[K[K[K[K[Kls -l tempwithperms
total 0
bash-4.4$ ls -l tempwithperms[C[C[C[C[C[C[C[C[C[C[Kls
as1.txt  asciihashtags.txt  grepgreat.txt  hashtaglinecount.txt  hashtags.csv  temp  tempwithperms  test.txt
bash-4.4$ touch temp/testfile.txt
touch: cannot touch 'temp/testfile.txt': Permission denied
bash-4.4$ touch temp/testfile.txtw/testfile.txti/testfile.txtt/testfile.txth/testfile.txtp/testfile.txte/testfile.txtr/testfile.txtm/testfile.txts/testfile.txt
bash-4.4$ ls -l tempwithperms
total 0
-rw-rw-r-- 1 ilyas23sp ilyas23sp 0 Feb 28 01:57 testfile.txt
5) Answer to making 2 new directories and copying them over (cannot unless do cp -r)
bash-4.4$ mkdir temp2
bash-4.4$ mkdir temp3
bash-4.4$ mv tmep[K[K[Kemp2 temp3
bash-4.4$ ls
as1.txt  asciihashtags.txt  grepgreat.txt  hashtaglinecount.txt  hashtags.csv  temp  temp3  tempwithperms  test.txt
bash-4.4$ cd temp3 
bash-4.4$ ls
temp2
bash-4.4$ cd ..
bash-4.4$ ls
as1.txt  asciihashtags.txt  grepgreat.txt  hashtaglinecount.txt  hashtags.csv  temp  temp3  tempwithperms  test.txt
bash-4.4$ cp tmep[K[K[Kemp[K[K[K[K[K[K[Kmkdir temp[K[K[Kestdirectory
bash-4.4$ cp testdirectory temp3
cp: -r not specified; omitting directory 'testdirectory'
bash-4.4$ cp testdirectory temp3[C[C[C[C[C[C[C[C[C[C[C[C[C[1@-[1@r[1@ 
bash-4.4$ cd temp3
bash-4.4$ ls
temp2  testdirectory
bash-4.4$ cd ..
bash-4.4$ ls
as1.txt  asciihashtags.txt  grepgreat.txt  hashtaglinecount.txt  hashtags.csv  temp  temp3  tempwithperms  testdirectory  test.txt
bash-4.4$ cd /disc[K[Krectory/proc
bash: cd: /directory/proc: No such file or directory
bash-4.4$ cd /[K[K ~
bash-4.4$ ls
awsreviews.tsv	cmds.log  cs131
bash-4.4$ cd dire[K[K[K[K[Kctory [K[K[K[K[K[K[K[Kls
awsreviews.tsv	cmds.log  cs131
bash-4.4$ cd /proc

6/7/8) 73GB of memory on the server under /proc/meminfo or /proc/cpuinfo or by typing in lscpu. Power 8 cores, 256 threads, 32 physical cores running
at 3.525 ghz. 

bash-4.4$ cat meminfo[1P meminfo[1P meminfo[1P meminfoh meminfoe meminfoa meminfod meminfo[C meminfo
MemTotal:       73080640 kB
MemFree:         8343808 kB
MemAvailable:   19884672 kB
Buffers:          496448 kB
Cached:         15468288 kB
SwapCached:       105280 kB
Active:         12751872 kB
Inactive:        3943680 kB
Active(anon):    2692736 kB
Inactive(anon):  1732992 kB
bash-4.4$ cat meminfo
MemTotal:       73080640 kB
MemFree:         8162560 kB
MemAvailable:   19703744 kB
Buffers:          496448 kB
Cached:         15470272 kB
SwapCached:       105280 kB
Active:         12753088 kB
Inactive:        4101632 kB
Active(anon):    2693760 kB
Inactive(anon):  1890816 kB
Active(file):   10059328 kB
Inactive(file):  2210816 kB
Unevictable:      189056 kB
Mlocked:          189056 kB
SwapTotal:       9453504 kB
SwapFree:        7979712 kB
Dirty:               960 kB
Writeback:             0 kB
AnonPages:        992256 kB
Mapped:          2112512 kB
Shmem:           3654080 kB
KReclaimable:    1518528 kB
Slab:           10043072 kB
SReclaimable:    1518528 kB
SUnreclaim:      8524544 kB
KernelStack:       49456 kB
PageTables:        54720 kB
NFS_Unstable:          0 kB
Bounce:                0 kB
WritebackTmp:          0 kB
CommitLimit:    45993792 kB
Committed_AS:    6965824 kB
VmallocTotal:   541165879296 kB
VmallocUsed:           0 kB
VmallocChunk:          0 kB
Percpu:         34652160 kB
HardwareCorrupted:     0 kB
AnonHugePages:         0 kB
ShmemHugePages:        0 kB
ShmemPmdMapped:        0 kB
FileHugePages:         0 kB
FilePmdMapped:         0 kB
CmaTotal:              0 kB
CmaFree:               0 kB
HugePages_Total:       0
HugePages_Free:        0
HugePages_Rsvd:        0
HugePages_Surp:        0
Hugepagesize:      16384 kB
Hugetlb:               0 kB
bash-4.4$ ls proc
ls: cannot access 'proc': No such file or directory
bash-4.4$ ls
1	1167	 1304	  1470	   196	    234952   289      36007    464008  578902  627741  646352  652754  657554  659514  727     894
10	1169	 1305	  1471	   1966     234953   29       36045    464009  579     628358  646354  652757  657668  659515  728     895
100	1170	 1307	  1472	   1968554  235      290      360909   464378  58      628909  646355  652762  657693  659516  729     896
1001	1171	 1308	  1473	   1968556  2350     292      360917   465     580556  628910  646356  652764  657694  659517  73      897
1002	1172	 1309	  1475	   197	    2351     2925616  361      4655    5809    629     646662  652771  657695  659518  731     899
1003	1172298  131	  1476	   198	    2352     2926     361522   46581   581     629374  646758  652772  657737  659519  732     9
1004	1172335  1310	  1477	   1982611  2353     293      361662   46582   581816  629504  646776  653     657751  659520  733     90
1005	1172337  1311	  1478	   1982612  2354     294      362      4663    581830  629944  646785  653018  657755  659521  734     900
1007	1173	 1313	  1479	   1988018  2355     295      36397    467     581832  630     646857  653061  657769  659522  735     901
1008	1175	 131360   148	   1988022  2356     296      364      468     581838  630464  646905  653074  657770  659523  737     902
1009	1176	 131389   1481	   199	    2358     2968154  36427    469     581839  630598  646908  653113  657771  659524  738     903
101	1177	 1314	  1482	   1993     2359     2968156  36469    47      582     630626  646910  653114  657773  659525  7385    905
1010	1178	 131480   1483	   1995     236      298      3648581  470     582870  631     646925  653220  657774  659526  739     906
1011	1178079  1315	  1484	   1997     238      299      365      471     583     631056  646939  653221  657787  659527  74      907
1013	1178081  1316	  1485	   1999     2384715  2999315  366      471584  583503  631059  646952  653273  657789  659528  740     908
1014	1178577  1317	  1487	   2	    2384744  3	      36635    473     583708  631154  646964  653309  657791  659529  741     909
1015	1178578  131862   1488	   20	    2384785  30       367      474     584     631177  646965  653310  657797  659547  743     91
1016	1179	 1319	  1489	   200	    239      300      368      475     584059  631522  647     653311  657799  659549  744     910128
1017	118	 132	  149	   2001     23962    3003     36903    476     585     631754  647280  653321  657800  659550  745     911
1019	1181	 1320	  1490	   2004     24	     301      3691     477     5857    632     647389  653334  657801  659551  746     912
102	1182	 1321	  1491	   2006     240      3012     37       479     586871  632199  647390  653338  657802  659552  747     913
1020	1183	 1322	  1492651  2007     2403451  302      370      48      587     632323  647391  653339  657806  659553  749     914
1021	1184	 1323	  1492652  2011     2403455  304      371      480     588     632329  647456  653340  657808  659554  750     915
1022	1185	 1325	  1492684  2013     241      305      372      4803    588841  632721  647464  653343  657811  659555  751     917
1023	1186963  1326	  1493	   2017     242      306      373      481     589     632763  647483  653344  657813  659556  752     918
1025	1186992  1327	  1494	   202	    2429659  307      374      482     59      632874  647499  653823  657816  659557  753     919
1026	1187	 1328	  1495	   2022     244      30771    376      483     590     632892  647501  653830  657819  659558  7546    92
1027	1187289  1329	  1496	   2026     24404    30776    377      485     590873  632898  647508  653833  657820  659559  755     920
1028	1188	 133	  1497	   2027     24450    30778    378      486     5909    633     647735  653834  658042  659560  756     921
1029	1189	 1331	  1499	   2028     245      308      379      487     590903  633324  647806  653836  658062  659565  757     923
103	119	 1332	  15	   203	    246      31       37913    488     591     633424  648     653837  658065  659566  758     924
1031	1190	 1333	  150	   2032     2462     310      38       489     5910    633439  648023  653839  658066  659574  759     925
1032	1191	 1334	  1500	   2034     247      31054    380      49      591407  633804  648054  653840  658093  659579  76      926
1033	1193	 1335	  1501	   2035     2471044  311      38069    491     593     633950  648057  653851  658132  659580  761     927
1034	1194	 1337	  1502	   2037     2471046  31168    38151    492     594     634012  648080  653866  658139  659585  762     929
1035	1195	 1338	  1503	   2039     2476     312      382      493     594248  634014  648082  653877  658256  659588  763     930
1037	1196	 1339	  1504671  204	    248      3124624  383      494     595     634195  648084  653888  658257  659589  764     931
1038	1197	 134	  1504704  2040     25	     3124658  384      495     596     634296  648085  653889  658258  659623  765     932
1039	1199	 1340	  1505	   2043     250      3124960  385      4950    596539  634519  648395  653891  658330  659799  767     933
104	12	 1340088  1506	   2044     2506     3125770  386      497     596541  634685  648433  654     658331  659808  768     935
1040	120	 1340090  1507	   2045     25097    3125772  3864     498     597     634708  648522  654119  658332  659811  769     936
1041	1200	 1341	  1507026  2047     251      313      3866400  499     598354  634717  648589  654120  658333  659886  77      937
1043	1201	 1343	  1507028  2047996  2510555  31367    388      50      598356  634766  6486    654204  658334  659986  770     938
1044	120155	 1344	  1507097  2047998  2513905  31382    389      500     599     635     648604  654329  658335  66      771     939
1045	120156	 1345	  1507098  2049     2513907  314      3891027  501     6       635318  648609  654390  658336  660     773     94
1046	1202	 1346	  1507537  205	    25166    31454    3891028  503     60      635329  648616  654391  658337  660009  774     941
104649	1203	 1347	  1508	   2050     25171    31485    3891030  504     600     635347  648622  654418  658345  660023  7745    942
1047	1205	 1349	  1509	   2052     25175    31489    3892977  505     600499  635354  648623  654421  658347  660032  775     943
1049	1206	 1350	  151	   2053     25177    31491    3892981  506     600610  635927  648624  654423  658349  660033  776     944
1050	1207	 1351	  1510588  206	    2519060  316      390      506573  600638  635989  648629  654433  658351  660111  776925  945
1051	1208	 1352	  1511	   20791    252      31633    391      506602  601     636     648648  654439  658353  660116  777     947
1052	1209	 1353	  1512	   208	    2521898  317      3919     507     601180  636041  648650  654440  658354  660117  777198  948
1053	121	 1355	  1513	   209	    25225    318      392      508062  601516  636061  648651  654655  658355  660118  777200  949
1055	1211	 1356	  1514	   210	    25253    319      3921     508170  602     636389  648652  654783  658356  660119  779     95
1056	1212	 1357	  1515	   2107765  253      3196     392297   509     603     636609  648925  654889  658358  660120  78      950
1057	1213	 1358	  1517	   2108006  2531254  3197     392322   509326  603679  636650  648936  654890  658360  660121  780     951
1058	1214	 1359	  1518	   211	    25379    3199     394      509328  604560  636655  649     654954  658363  660122  781     953
1059	1215	 136	  1519	   21180    254      32       395      510     604604  636665  649084  654978  658364  660123  782     954
106	1217	 1361	  152	   21191    25401    320      39523    510384  605     636968  649085  654990  658365  660124  783     955
1061	1218	 1362	  1520	   21193    256      3203     3955675  510387  606     637     649148  655     658368  660125  785     956
1062	1219	 1363	  1521	   21195    257      3205     3955708  511     606908  637221  649153  655006  658369  660126  786     957
1063	122	 1363498  1523	   212	    25720    3207     395600   511073  607     637233  649158  655007  658370  660127  787     959
1064	1220	 1363499  1524	   21239    25789    3207400  3957295  511074  607311  637255  649178  655008  658371  660128  788     96
1065	1221	 1364	  1525	   2125     258      3207401  396      511075  607769  637262  649179  655009  658372  660129  789     960
1067	1222225  1365	  1526	   21264    259      322      39638    512     608     637265  649198  655010  658373  660131  79      961
1068	1222254  1367	  1527	   2127     26	     3221     39640    513     609     637697  649206  655011  658374  660143  791     962
1069	1222539  1368	  1529	   21270    260      32249    397      514478  609300  637699  649426  655204  658375  660152  792     963
107	1222541  1369	  1530	   2128     26169    3229     398      515     609637  637795  649499  655214  658376  660153  793     965
1070	1223	 137	  1531	   2130     262      323      4        515986  609807  637823  649521  655331  658377  660175  794     966
1071	1224	 1370	  1532	   2131     2626     3232171  40       516     609815  637827  649525  655333  658378  660387  795     967
1073	1225	 1371	  1533	   214	    263      3233     400      517     609848  638     649553  655446  658379  660397  797     968
1074	1226	 1373	  1535	   215	    264      32357    401      518     61      638288  649649  655482  658380  660428  798     969
107448	1227	 1374	  1536	   21545    2641     324      4011     519     610274  638409  649705  655540  658381  660447  799     97
107450	122852	 1375	  1537	   2155     265      32400    402      519871  610412  638411  649714  655542  658382  660577  8       971
1075	1229	 1376	  1538	   2157     26537    325      403      52      610419  638460  649732  655551  658383  660587  80      972
1076	1230	 1377	  1539	   2158     266      326      40332    521     610952  638963  649743  655553  658384  660638  800     973
1077	1231	 1379	  154	   2159     2665     328      404      522     610959  638971  649746  655554  658385  660639  801     974
1079	1232	 138	  1541	   216	    2667     32806    4050     522296  611     638987  649756  655555  658386  660642  802771  975
108	1233	 1380	  1542	   2162     2678     32861    4056     522814  611302  638993  649764  655556  658395  660644  802773  977
1080	1235	 1381	  1543	   2165087  2679     32878    406      523     611535  638997  649765  655557  658397  660648  803     978
1081	1236	 1382	  1544	   2165116  268      32887    407      5238    611602  638998  649766  655566  658401  660649  804     979
1082	1237	 1383	  1545	   2166     2680861  32891    408      524     611616  639     65      655569  658404  660650  805     98
1083	1238	 1385	  1547	   2166660  269      329      4088     525     611618  639024  650     655570  658595  660655  806     980
1085	1238073  1386	  1548	   2166689  270      32976    409      526893  611624  639299  650026  655572  658649  660668  807     981
1086	1238075  1387	  1549	   2166718  2702     330      41       526895  611629  639458  650140  655573  658678  660669  809     983
1087	1239	 1388	  155	   2167     2705     33011    410      527     612     639553  650250  655574  658684  660670  810     984
1088	123995	 1388097  1550	   2168     271      33043    4104280  528     612125  639575  650251  655645  658807  660672  811     985
1089	124	 1389	  1553	   217	    2711     33047    4104309  528954  6124    639579  650325  655647  658819  660673  812     986
109	1241	 139	  1558	   2170     2712     33051    4112718  528955  613     639588  650333  655795  658827  660678  813     987
1091	124103	 1391	  1559	   2176     2713     33054    4112780  529     613176  639617  650347  655800  658891  660685  815     989
1092	124121	 1392	  156	   2178     2714     331      4112782  53      613211  639623  650356  655820  658895  660687  816     990
1093	1242	 1393	  1560	   218	    2715     33122    412      530     613232  639836  650357  655821  658896  660695  817     991
1094	124225	 1394	  1561	   2182     2716     33128    413      530970  613462  64      650369  655822  658897  660706  818     992
1095	1243	 1395	  1562	   2184     2717     33134    414      531     613632  640061  650370  655823  658898  660707  819     993
1097	1244	 1397	  1564	   21844    2718     331979   4141     5321    614     640154  650441  656     658899  660708  82      995
1098	1245	 1398	  1565	   2185     2719     331981   4145     533     614204  640159  650453  656016  658900  660741  821     996
1099	124540	 1399	  1566	   2186     272      332      415      534     614305  640165  650454  656021  658901  660745  822     997
11	124582	 14	  1567	   2187     2720     33220    4154     535     614875  640476  650521  656022  658902  660746  823     998
110	1247	 140	  1568	   2188     27206    33222    4155     536     615     640701  650634  656092  658903  660748  824     999
1100	124708	 1400	  1569	   2189     2721     33224    4157     537     615542  640721  650828  656095  658904  660749  825     buddyinfo
1101	1248	 1401	  157	   2190     2722     33362    416      538025  615545  640722  650854  656097  658905  660750  827     bus
1103	124882	 1403	  1570	   2191     2723     334      4177     538027  615982  640736  650867  656099  658906  661     828     cgroups
1104	1249	 1404	  1571	   21914    2724     335      418      538341  616001  640748  650921  656119  658907  662     829     cmdline
1105	125	 1405	  1572	   2193     2725     33525    419      538342  616002  640749  650950  656122  658908  663     83      consoles
1106	1250	 1406	  1573	   2194     2726     33571    42       539     616147  640991  650952  656125  658909  665     830     cpuinfo
1107	1251	 1407	  1577	   2196     2727     336      420      539028  616697  641     650954  656126  658910  666     831     crypto
1109	1253	 1409	  1579	   22	    2728     33694    421      54      617     641146  650956  656137  658911  667     833     devices
1110	1254	 1410	  1579711  220	    2729     337      422      540     617018  641171  650960  656138  658912  668     834     device-tree
1111	1255	 1411	  158	   2205     2730     33734    4235     541     617855  641172  650961  656139  658913  669     835     diskstats
1112	1256	 1412	  1580	   22068    2731     33796    424      542     618     641247  650970  656140  658914  67      835513  dma
1113	1257	 1413	  16	   2207     2732     338      424061   543     618351  641298  650975  656141  658915  671     835515  driver
1115	125715	 1415	  160	   22084    2733     33844    424063   545     618369  641544  650976  656343  658916  672     836     execdomains
1116	1259	 1416	  161	   2209     27356    33845    4247     546     618387  641725  650977  656375  658917  673     837     fb
1117	125938	 1417	  162	   221	    2737     33854    425      546680  618417  641727  650978  656380  658918  674     839     filesystems
1118	126	 1418	  163	   2212     2738     33978    426      546723  618422  641795  650983  656457  658919  675     84      fs
1119	1260	 1419	  164	   2214     2739     34       427      546835  618961  641797  651     656472  658920  677     840     interrupts
112	1261	 142	  166	   22149    274      340      42721    547     618966  641838  651215  656491  658921  678     841     iomem
1121	1262	 1421	  167	   2215     2740     34016    42722    548     618970  641848  651274  656578  658922  679     842     ioports
1122	1263	 1422	  168	   22155    2741     340447   42762    548141  618983  641851  651419  656623  658923  68      843     irq
1123	1265	 1423	  1683895  222	    2742     340449   4279     549     619     641907  651435  656652  658924  680     845     kallsyms
1124	1266	 1424	  1683925  2220     2744     341      428      55      619545  641911  651436  656658  658925  681     846     kcore
1125	1267	 1425	  1686	   2221     2745     341342   43       550317  619791  641917  651437  656664  658926  6824    847     keys
1127	1268	 1427	  1687	   22295    2746     341344   430      550373  62      641918  651500  656671  658927  683     848     key-users
1128	1269	 1428	  1688	   223	    2747     342      431      550380  620     642     651519  656676  658928  684     849     kmsg
1129	127	 1429	  1689	   2232     2748     343      432      551     620135  642135  651534  656682  658929  685     85      kpagecgroup
113	1271	 143	  169	   2233     2749     34366    433      552     621     642336  651535  656686  658930  686     851     kpagecount
1130	1272	 1430	  1692	   2234     275      34368    434      553     621146  642416  651536  656691  658931  687     852     kpageflags
1131	1273	 1431	  1693	   2235     2750     344      435140   553004  621813  642424  651537  656693  658932  689     85288   loadavg
1133	1274	 1433	  1694	   22355    2751     344085   4358     554     623     642426  651549  656694  658933  690     853     locks
1134	1275	 1434	  17	   2236     2753     34413    436      554952  623240  642428  651550  656695  658934  691     854     mdstat
1135	1277	 1435	  170	   224	    2754     34457    4366     555     623517  642462  651554  656696  658935  692     855     meminfo
1136	1278	 1436	  171896   2243     2755     346      437      557     623573  642468  651555  656697  658936  693     857     misc
1137	1279	 1437	  172	   2246     2756     346215   4370     558     623583  642896  651564  656698  658937  695     858     modules
1139	128	 1439	  173	   2250467  2758     347      438      558604  623584  642979  651567  656915  658938  696     859     mounts
114	1280	 144	  173185   2258789  276      348      439      5589    624     643     651573  656951  658940  697     86      net
1140	1281	 1440	  173263   2258790  2762     349      4390     559     624119  643022  651577  657     658955  698     860     pagetypeinfo
1141	1283	 1441	  173264   2259     2764     35       44       56      624155  643024  651587  657016  658969  699     861     partitions
1142	1284	 1442	  173265   226	    2765835  350      440      560     624730  643025  651590  657128  658971  699826  863     powerpc
1143	1284631  1442649  173267   2267683  277      3501418  440709   561     624744  643517  651591  657130  658973  699828  864     ppc64
1145	1284633  1442651  174	   227	    278      3502814  442      562854  624750  643551  651592  657131  658976  70      865     rtas
1146	1284682  1443	  175	   2270     2785     3502940  44217    562901  625     643570  651595  657175  658979  701     866     sched_debug
1147	1284684  1445	  176	   2271     2787     352      443      563     625196  644     651596  657183  658980  702     867     schedstat
1148	1285	 1446	  178	   2272     28	     352504   4435     563746  625270  644585  651603  657203  658985  703     869     scsi
1149	1286	 1447	  179	   2273     280      353      444      564     625307  644671  651840  657211  658987  704     870     self
115	1287	 1448	  18	   2274     2803762  3535     445      564325  625325  645     651936  657214  658989  7043    871     slabinfo
1151	1289	 1449	  180	   2275     2803794  354      446      565     625470  645089  652129  657215  658994  705     872     softirqs
1152	1290	 145	  181	   228	    2803823  354262   448      566     625776  645099  652148  657216  658995  707     873     stat
1153	1291	 1451	  182	   229	    28091    354263   4481     567     625799  645160  652149  657220  658996  708     875     swaps
1154	1292	 1452	  182508   229435   281      3543393  448701   567231  625897  645163  652153  657221  658997  709     876     sys
1155	1293	 1453	  182774   2297163  2810360  355      450      567983  625921  645168  652164  657223  658998  71      877     sysrq-trigger
1157	129450	 1454	  182776   2297221  2814     35520    451      569     625947  645174  652166  657230  658999  710     878     sysvipc
1158	1295	 1455	  184	   23	    2815     35585    452      570     626     645237  652180  657231  659     711     879     thread-self
1159	1296	 1457	  185	   230	    2819     35593    453      571     626010  645240  652183  657244  659432  713     88      timer_list
116	1297	 1458	  186	   230903   282      3559704  455      571434  626012  645496  652188  657245  659433  714     881     tty
1160	1297056  1459	  187	   230905   2823     356      456      572     626018  645759  652409  657248  659434  715     882     uptime
1161	1297953  145988   188	   2316796  2826     35624    457      572566  626019  645770  652427  657249  659443  716     883     version
1163	1298	 146	  1897734  2316798  283      356341   458      573     626274  645778  652447  657250  659485  717     884     vmallocinfo
1164	1298264  1460	  19	   2317391  2830     357523   459      573615  626549  645782  652599  657251  659498  719     885     vmstat
116459	1298298  1461	  190	   2317392  2833     358      46       574191  62683   645811  652633  657252  659507  72      887     zoneinfo
116461	1299	 1463	  191	   2317421  284      358117   461      575     62685   645812  652699  657253  659508  720     888
1165	13	 1464	  192	   232	    28475    358119   462      575325  626884  646006  652701  657254  659509  721     889
116558	130	 1465	  193	   2321     2848     359      463      576     627     646233  652728  657255  659510  722     89
116559	1301	 1466	  1938403  233	    286      36       463963   577     627148  646322  652729  657504  659511  723     890
1166	1302	 1467	  194	   2330     287      360      463965   578     627478  646336  652730  657506  659512  725     891
116611	1303	 1469	  1959	   234	    288      36006    464      578072  627625  646337  652748  657509  659513  726     893
bash-4.4$ cat [K[K[K[Khead cpuinfo
processor	: 0
cpu		: POWER8 (architected), altivec supported
clock		: 3525.000000MHz
revision	: 2.1 (pvr 004b 0201)

processor	: 1
cpu		: POWER8 (architected), altivec supported
clock		: 3525.000000MHz
revision	: 2.1 (pvr 004b 0201)

bash-4.4$ tail cpuinfo
processor	: 255
cpu		: POWER8 (architected), altivec supported
clock		: 3525.000000MHz
revision	: 2.1 (pvr 004b 0201)

timebase	: 512000000
platform	: pSeries
model		: IBM,8286-42A
machine		: CHRP IBM,8286-42A
MMU		: Hash
bash-4.4$ ls [Kcpu
Architecture:        ppc64le
Byte Order:          Little Endian
CPU(s):              256
On-line CPU(s) list: 0-255
Thread(s) per core:  8
Core(s) per socket:  10
Socket(s):           3
NUMA node(s):        2
Model:               2.1 (pvr 004b 0201)
Model name:          POWER8 (architected), altivec supported
Hypervisor vendor:   pHyp
Virtualization type: para
L1d cache:           64K
L1i cache:           32K
NUMA node0 CPU(s):   0-71,80-87,96-103,112-119,128-135,144-151,160-167,176-183,192-199,208-215,224-231,240-247
NUMA node1 CPU(s):   72-79,88-95,104-111,120-127,136-143,152-159,168-175,184-191,200-207,216-223,232-239,248-255
bash-4.4$ cd ~/cs131/as[K[K[K/as1
bash-4.4$ ls
as1.txt  asciihashtags.txt  grepgreat.txt  hashtaglinecount.txt  hashtags.csv  temp  temp3  tempwithperms  testdirectory  test.txt
bash-4.4$ less hashtags.csv[K[K[K[K[K[K[K[K[K[K[K[K[K[K[K[Ks -la
total 15320
drwxrwxr-x  6 ilyas23sp ilyas23sp    4096 Feb 28 02:00 .
drwxrwxr-x 11 ilyas23sp ilyas23sp    4096 Feb 27 17:50 ..
-rw-rw-r--  1 ilyas23sp ilyas23sp   24576 Feb 28 02:03 as1.txt
-rw-rw-r--  1 ilyas23sp ilyas23sp 7797170 Feb 28 01:21 asciihashtags.txt
-rw-rw-r--  1 ilyas23sp ilyas23sp    4582 Feb 27 18:09 grepgreat.txt
-rw-rw-r--  1 ilyas23sp ilyas23sp       7 Feb 27 18:08 hashtaglinecount.txt
-rw-r--r--  1 ilyas23sp ilyas23sp 7822180 Feb 27 18:04 hashtags.csv
drw-r--r--  2 ilyas23sp ilyas23sp    4096 Feb 28 01:55 temp
drwxrwxr-x  4 ilyas23sp ilyas23sp    4096 Feb 28 02:00 temp3
drwxrwxr-x  2 ilyas23sp ilyas23sp    4096 Feb 28 01:57 tempwithperms
drwxrwxr-x  2 ilyas23sp ilyas23sp    4096 Feb 28 02:00 testdirectory
-rw-r--r--  1 ilyas23sp ilyas23sp    3974 Feb 28 01:52 test.txt
bash-4.4$ ls -kl [K[K[Kl 
total 15316
-rw-rw-r-- 1 ilyas23sp ilyas23sp   28672 Feb 28 02:04 as1.txt
-rw-rw-r-- 1 ilyas23sp ilyas23sp 7797170 Feb 28 01:21 asciihashtags.txt
-rw-rw-r-- 1 ilyas23sp ilyas23sp    4582 Feb 27 18:09 grepgreat.txt
-rw-rw-r-- 1 ilyas23sp ilyas23sp       7 Feb 27 18:08 hashtaglinecount.txt
-rw-r--r-- 1 ilyas23sp ilyas23sp 7822180 Feb 27 18:04 hashtags.csv
drw-r--r-- 2 ilyas23sp ilyas23sp    4096 Feb 28 01:55 temp
drwxrwxr-x 4 ilyas23sp ilyas23sp    4096 Feb 28 02:00 temp3
drwxrwxr-x 2 ilyas23sp ilyas23sp    4096 Feb 28 01:57 tempwithperms
drwxrwxr-x 2 ilyas23sp ilyas23sp    4096 Feb 28 02:00 testdirectory
-rw-r--r-- 1 ilyas23sp ilyas23sp    3974 Feb 28 01:52 test.txt
bash-4.4$ ls -sh

9) 7.5 MB or .0075GB for all the twitter csv. it has 110350 lines (hashtaglinecount.txt)


total 15M
 28K as1.txt		8.0K grepgreat.txt	   7.5M hashtags.csv  4.0K temp3	  4.0K testdirectory
7.5M asciihashtags.txt	4.0K hashtaglinecount.txt  4.0K temp	      4.0K tempwithperms  4.0K test.txt
bash-4.4$ grep -i[Ki "great" hashtags.csv [1@<[C[1P[1@w[1@c[1@ [1@-[1@l[1@ [1@<[1@ [C[C[C[C[C[C[C[C[C[C[C[C[C[C[C[C[C[C[C[C[C[C[C[C[C[C[C[C[C[K[Kv > great[K[K[Keatgreppedlinecount.txt
bash: grep: No such file or directory
bash-4.4$ less [K[K[K[K[Kwc -l < grep -i "great" hashtags.csv > greatgreppedlinecount.txt[C[C[C[C[C[C[C[C[C[C[C[C[C[C[C[C[C[C[C[C[C[C[C[C[C[C[K[K[K[K[K[K[K[K[K[K[K[K[K[K[K[K[K[K[K[K[K[K[K[K[K[K[K[K
bash: grep: No such file or directory
bash-4.4$ wc -l < grep -i "great" hashtags.csv[C[C[C[C[C[C[C[C[C[C[Kls
as1.txt  asciihashtags.txt  grepgreat.txt  hashtaglinecount.txt  hashtags.csv  temp  temp3  tempwithperms  testdirectory  test.txt
bash-4.4$ ls[Kless hashtags.csv
[?1049h[22;0;0t[?1h=author,hashtags,date,id
[7mhashtags.csv[27m[K[K[?1l>[?1049l[23;0;0tbash-4.4$ wc < [K[K-l < [K[K[K[K[K[K[K[Kgrep [K[K[K[K[Kwc -l < grep -i "great" hashtags.csv > grepgreat.txt
bash: grep: No such file or directory
bash-4.4$ wc -l < grep -i "great" hashtags.csv > grepgreat.txt[C[C[C[C[C[1P[1P[1P[1P[1P[1P[1P[1P[C[C[C[C[C[C[C[C[C[C[C[C[C[C[C[C[C[C[C[C[C[C[C[C[C[C[C[C[C[C[C[C[C[C[C[C[C[C[C[C[C[C[C[C[C[C[C[C[C[C[C[C[C[C[Kgrep -i "great" hashtags.csv | wc -l > grepgreat.txt
bash-4.4$ less grepgreat.txt 
[?1049h[22;0;0t[?1h=57
[7mgrepgreat.txt (END)[27m[K[K[?1l>[?1049l[23;0;0tbash-4.4$ less [K[K[K[K[Kfiel [K[K[Kle -i "[Khashtags.csv 
hashtags.csv: text/plain; charset=utf-8
bash-4.4$ iconv -f utf-8 -t ascii [K//TRANSLIT asciihashtags.csv
iconv: cannot open input file `asciihashtags.csv': No such file or directory
bash-4.4$ iconv -f utf-8 -t ascii//TRANSLIT asciihashtags.csv[C[C[C[C[C[C[C[C[Chasciihashtags.csv[Casciihashtags.csvsasciihashtags.csvhasciihashtags.csvtasciihashtags.csv[Casciihashtags.csvgasciihashtags.csvlasciihashtags.csviasciihashtags.csvnasciihashtags.csveasciihashtags.csv[1Pasciihashtags.csv[1Pasciihashtags.csv[1Pasciihashtags.csv[1Pasciihashtags.csv[1Pasciihashtags.csvgasciihashtags.csvsasciihashtags.csv.asciihashtags.csvcasciihashtags.csvsasciihashtags.csvvasciihashtags.csv asciihashtags.csv>asciihashtags.csv asciihashtags.csv[C[C[C[C[C[C[C[C[C[C[C[C[C[C[C[C[C
bash-4.4$ file -i asciihashtags.
asciihashtags.: cannot open `asciihashtags.' (No such file or directory)
bash-4.4$ file -i asciihashtags.csv
asciihashtags.csv: text/plain; charset=us-ascii
bash-4.4$ head hasta[K[Kha[Ktags.csv 
author,hashtags,date,id
308045021,awesomepeopleontwitter,2022-04-30 23:18:45+00:00,1520543208614334465
308045021,journalism,2022-04-30 20:40:18+00:00,1520503332246376448
308045021,npr,2022-04-30 20:40:18+00:00,1520503332246376448
308045021,lc,2022-04-29 22:28:54+00:00,1520168272896962562
308045021,exercise,2022-04-29 22:28:54+00:00,1520168272896962562
308045021,buddhism,2022-04-29 14:52:29+00:00,1520053412968210432
308045021,buddhism,2022-04-29 14:16:51+00:00,1520044444204032001
308045021,obgyntwitter,2022-04-29 02:47:33+00:00,1519870977311715328
308045021,busymom,2022-04-28 21:20:34+00:00,1519788687957049344
bash-4.4$ cut -d , -f [K1 hashtags.csv > unique[K[K[K[K[K[Kcutusers.txt
bash-4.4$ less cutusers.txt 
[?1049h[22;0;0t[?1h=author
[7mcutusers.txt[27m[K[K[?1l>[?1049l[23;0;0tbash-4.4$ sort -n c[K[K[Kr [K[Kc [K[Kr cutusers.txt | uniq [K[K[K[K[K[K[K[K[K[K[K[K[K[K[K[K[K[K[K[K[K[Kh cu[K[K< cutusers.txt
bash-4.4$ q[Kun[K[Kuniq -c [K[K[K[K[K[K[K[Kls
as1.txt		   asciihashtags.txt  grepgreat.txt	    hashtags.csv  temp3		 testdirectory
asciihashtags.csv  cutusers.txt       hashtaglinecount.txt  temp	  tempwithperms  test.txt
bash-4.4$ uniq -c cutusers.txt [C[C[C[C[C[C[C[C[C[Cls[Ksort -h < cutusers.txt[C[C[C[C[C[C[C[C[C[C[4Pless cutusers.txt [C[C[C[C[C[C[C[C[C[Csort -h < cutusers.txt[C[C[C[C[C[C[C[C[C[Cls[Kuniq -c cutusers.txt 
      1 author
    385 308045021
    292 1353306974939738113
     26 124385387
    202 936620120255934466
    114 1476778228236931073
    994 199452338
    161 29188599
    226 631283641
    274 1475643712596168706
    160 870970040878862337
    406 199452338
     54 29188599
     74 631283641
     38 1475643712596168706
     16 870970040878862337
    677 308045021
    469 1353306974939738113
     44 124385387
    199 936620120255934466
    770 199452338
    167 29188599
    456 631283641
    322 1475643712596168706
     40 870970040878862337
     15 4000403652
    190 1921951394
      2 120481183
    178 1263391922657337345
     11 195578878
      2 4000403652
     89 1921951394
      3 120481183
    175 1263391922657337345
     10 195578878
    304 2886667320
     14 1505184995002011649
    242 838381908656603144
     10 1415531907148926980
     42 388618787
    123 156688202
      5 1342112045555097601
     47 885212127866257410
     11 195578878
    640 3040987923
    219 1031000589054828544
    779 711608180535640064
      2 4000403652
     89 1921951394
      3 120481183
    175 1263391922657337345
     10 195578878
    295 2886667320
    202 838381908656603144
      6 1415531907148926980
     48 388618787
      1 1342112045555097601
     18 885212127866257410
     10 195578878
    231 3040987923
    121 1031000589054828544
    397 711608180535640064
    401 139109800
     44 2676799425
    680 4842395709
    596 139109800
     58 2676799425
    206 86010091
     14 1159870188420046848
     13 881978047
    282 1496792408792903684
    177 17531651
    192 48074704
     36 938494109844729856
     59 1154228711731990528
    986 1387010761994682371
     89 86010091
     25 1159870188420046848
     22 881978047
    269 17531651
    210 48074704
     35 938494109844729856
      1 1154228711731990528
    937 1387010761994682371
     56 1687521895
    426 950215424981028864
    100 1687521895
    368 950215424981028864
    267 4213849704
      3 1237015212160700416
    134 1472366361322024966
    278 3453306553
    160 426361581
    111 828578052942741505
   1505 45379403
   3908 302984766
    412 940778288871542786
      7 2975492973
    271 4213849704
     23 1237015212160700416
     46 1472366361322024966
    366 3453306553
    137 426361581
    169 828578052942741505
   1255 45379403
   3885 302984766
    384 940778288871542786
    409 804582780298412032
    442 2574271742
    172 348764745
     74 977710998
    189 853523328
    183 39508140
   4220 578601744
    449 1155192156
     93 967871677399994368
     59 1484955952419803137
    659 41186732
     17 1433816787016114177
     59 881623250
      6 915201181500297216
    654 1308267623327518725
   1873 804582780298412032
    220 2574271742
    238 348764745
     75 977710998
    215 853523328
   1375 1229752606714728454
    160 39508140
   1070 578601744
    502 1155192156
     92 967871677399994368
     38 1484955952419803137
    250 41186732
      1 1433816787016114177
      1 881623250
     11 915201181500297216
    723 1308267623327518725
    407 826615125297680384
    331 2332033299
    389 118166719
     48 1255626720578867202
     12 144904056
    197 1477609642184396806
    184 527445533
    175 1148374192586481664
     22 3264938916
    849 4757894056
    202 1494715792474230788
    186 826615125297680384
    250 2332033299
    658 118166719
     37 1255626720578867202
     16 144904056
     15 1477609642184396806
    247 527445533
     86 1148374192586481664
     24 3264938916
    221 4757894056
     18 1494715792474230788
     28 1276065476041465863
    146 244954523
     15 1501582959991734279
    149 42091962
    496 2530758806
    281 981436419087523840
   1165 77726331
   1101 614600545
    127 41653384
    462 3231054096
    649 1028022611324747776
    137 100256670
    142 1471037967926018051
    195 1417952253449842692
     10 1337664957085671424
    243 1373739644
    742 832019161454817280
    142 997262774
    107 935349971129311233
     73 829874722510880768
     19 1276065476041465863
    140 244954523
    157 42091962
    694 2530758806
    202 981436419087523840
    255 77726331
    961 614600545
    127 41653384
    311 3231054096
    637 1028022611324747776
     49 100256670
    180 1471037967926018051
      4 1417952253449842692
      4 1337664957085671424
    192 1373739644
   1130 832019161454817280
     95 997262774
    107 935349971129311233
     97 829874722510880768
    147 1099522514366001152
    136 59028892
     92 1309237180418666499
   1246 29447428
     44 1101084489885863936
     28 4703167472
    210 2800413166
    201 18218403
     12 738414815660670976
    902 1060440219097423872
    656 192374137
     68 3222067490
    270 1264114113925402624
     96 1492690652529889282
   1793 870244616003403781
     96 1497976259296563200
    702 177400353
     13 1334195751753277445
    129 1261203450022359043
     53 1099522514366001152
    106 59028892
     13 1309237180418666499
   1299 29447428
     20 1101084489885863936
     31 4703167472
    134 2800413166
    336 18218403
     16 738414815660670976
    763 1060440219097423872
    275 192374137
     52 3222067490
    251 1264114113925402624
      8 1492690652529889282
    425 870244616003403781
    971 177400353
     21 1334195751753277445
     99 1261203450022359043
      3 782531489678393344
     86 172373894
     69 505069575
    154 304241213
     36 1174041837692211200
    893 2156874201
    356 971082899381305344
      3 782531489678393344
     86 172373894
     69 505069575
    154 304241213
     36 1174041837692211200
    893 2156874201
    356 971082899381305344
     67 3065597900
    251 3130247577
    131 1357009253697871874
     30 1441827677090959369
    309 1011581275851943938
    503 22996614
     80 970690110470721536
    120 531521235
   1726 970109612597895168
    294 713338984357695488
    196 131042172
    235 788555560836796416
     52 2218592335
    131 172373894
     38 505069575
    112 304241213
     20 1174041837692211200
   1092 2156874201
    174 971082899381305344
    170 3065597900
    233 3130247577
     64 1357009253697871874
     40 1441827677090959369
    729 1011581275851943938
    493 22996614
    111 970690110470721536
    229 531521235
   1488 970109612597895168
    357 713338984357695488
     86 131042172
    234 788555560836796416
     89 2218592335
     30 1043703373420064770
     67 2254180266
    952 943925946
    789 419951447
     32 2219729964
     13 2366108005
    334 215475487
    689 1393331109451247616
     78 148365388
    177 989200133215617024
     11 162197865
      5 959033548379508736
     35 17667706
    372 135624348
    272 817979601653735424
    174 331202888
    121 707259083
    347 19913106
    371 1347898200183681024
    186 1220498873778626561
     33 1043703373420064770
     82 2254180266
   1077 943925946
    643 419951447
     23 2219729964
      9 2366108005
    229 215475487
   1276 1393331109451247616
    132 148365388
    170 989200133215617024
      9 162197865
      3 959033548379508736
     10 17667706
    586 135624348
    292 817979601653735424
    171 331202888
     51 707259083
    395 19913106
    388 1347898200183681024
    162 1220498873778626561
    496 220863206
     76 1321812391
    178 741282999031894016
    251 1103424042911105035
    263 1107055570106961920
     83 356507343
    278 196740371
    360 49608394
     41 24730505
    697 1335822241234358274
    840 36902944
    782 1473384969699569669
     40 1381367533
     26 70577874
     91 29090182
     47 628800662
    373 2556967117
    858 1323186403614875648
    380 1442877975683293185
    481 1486065115157843968
    354 220863206
     74 1321812391
     79 741282999031894016
    268 1103424042911105035
    135 1107055570106961920
     91 356507343
    294 196740371
    106 49608394
     29 24730505
    453 1335822241234358274
    288 36902944
   2913 1473384969699569669
    210 1381367533
     38 70577874
    161 29090182
     47 628800662
    364 2556967117
    140 1323186403614875648
     73 1442877975683293185
    241 1486065115157843968
bash-4.4$ sort -h cutusers.[K[Ks[Ks.txt 
[7mcutusers.txt[27m[K[K[?1l>[?1049l[23;0;0tbash-4.4$ sort [K[K[K[K[Ksort cutusers.txt | sort [K[K[K[K[Kuniq -c | sort -h > sortedusers.txt
bash-4.4$ less sortedusers.txt 
[?1049h[22;0;0t[?1h=      1 author
      6 1342112045555097601
      6 782531489678393344
      7 2975492973
      8 120481183
      8 959033548379508736
     14 1337664957085671424
     14 1505184995002011649
     15 1501582959991734279
     16 1415531907148926980
     17 915201181500297216
     18 1433816787016114177
     19 4000403652
     20 162197865
     22 2366108005
     26 1237015212160700416
     28 144904056
     28 738414815660670976
     34 1334195751753277445
     35 881978047
     39 1159870188420046848
     45 17667706
     46 3264938916
     47 1276065476041465863
     52 195578878
     55 2219729964
     59 4703167472
     60 1154228711731990528
     60 881623250
     63 1043703373420064770
     64 1101084489885863936
     64 70577874
     65 885212127866257410
     70 124385387
     70 1441827677090959369
     70 24730505
     71 938494109844729856
[7msortedusers.txt[27m[K[K [KESCESC[KOO[KAA[K[K:[K[K [KESCESC[KOO[KAA[K[K:[K[K [KESCESC[KOO[KAA[K[K:[K[K [KESCESC[KOO[KAA[K[K:[K[K [KESCESC[KOO[KAA[K[K:[K[K [KESCESC[KOO[KAA[K[K:[K[K [KESCESC[KOO[KAA[K[K:[K[K [KESCESC[KOO[KAA[K[K:[K[K [KESCESC[KOO[KAA[K[K:[K[K [KESCESC[KOO[KAA[K[K:[K[K [KESCESC[KOO[KAA[K[K:[K[K [KESCESC[KOO[KAA[K[K:[K[K [KESCESC[KOO[KAA[K[K:[K[K [KESCESC[KOO[KAA[K[K:[K[K [KESCESC[KOO[KAA[K[K:[K[K [KESCESC[KOO[KAA[K[K:[K[K [KESCESC[KOO[KAA[K[K:[K[K [KESCESC[KOO[KAA[K[K:[K[K [KESCESC[KOO[KAA[K[K:[K[K [KESCESC[KOO[KAA[K[K:[K[K [KESCESC[KOO[KAA[K[K:[K[K [KESCESC[KOO[KAA[K[K:[K[K [KESCESC[KOO[KAA[K[K:[K[K [KESCESC[KOO[KAA[K[K:[K[K [KESCESC[KOO[KAA[K[K:[K[K [KESCESC[KOO[KAA[K[K:[K[K [KESCESC[KOO[KAA[K[K:[K[K [KESCESC[KOO[KBB[K     85 1255626720578867202
:[K[K [KESCESC[KOO[KBB[K     90 388618787
:[K[K [KESCESC[KOO[KBB[K     92 1174041837692211200
:[K[K [KESCESC[KOO[KBB[K     94 628800662
:[K[K [KESCESC[KOO[KBB[K     96 1497976259296563200
:[K[K [KESCESC[KOO[KBB[K     97 1484955952419803137
:[K[K [KESCESC[KOO[KBB[K    102 2676799425
:[K[K [KESCESC[KOO[KBB[K    104 1492690652529889282
:[K[K [KESCESC[KOO[KBB[K    105 1309237180418666499
:[K[K [KESCESC[KOO[KBB[K    114 1476778228236931073
:[K[K [KESCESC[KOO[KBB[K    120 3222067490
:[K[K [KESCESC[KOO[KBB[K    123 156688202
:[K[K [KESCESC[KOO[KBB[K    141 2218592335
:[K[K [KESCESC[KOO[KBB[K    149 2254180266
:[K[K [KESCESC[KOO[KBB[K    149 977710998
:[K[K [KESCESC[KOO[KBB[K    150 1321812391
:[K[K [KESCESC[KOO[KBB[K    156 1687521895
:[K[K [KESCESC[KOO[KBB[K    170 829874722510880768
:[K[K [KESCESC[KOO[KBB[K    172 707259083
:[K[K [KESCESC[KOO[KBB[K    174 356507343
:[K[K [KESCESC[KOO[KBB[K    176 505069575
:[K[K [KESCESC[KOO[KBB[K    180 1472366361322024966
:[K[K [KESCESC[KOO[KBB[K    185 967871677399994368
:[K[K [KESCESC[KOO[KBB[K    186 100256670
:[K[K [KESCESC[KOO[KBB[K    191 970690110470721536
:[K[K [KESCESC[KOO[KBB[K    195 1357009253697871874
:[K[K [KESCESC[KOO[KBB[K    199 1417952253449842692
:[K[K [KESCESC[KOO[KBB[K    200 1099522514366001152
:[K[K [KESCESC[KOO[KBB[K    210 148365388
:[K[K [KESCESC[KOO[KBB[K    212 1477609642184396806
:[K[K [KESCESC[KOO[KBB[K    214 935349971129311233
:[K[K [KESCESC[KOO[KBB[K    216 870970040878862337
:[K[K [KESCESC[KOO[KBB[K    220 1494715792474230788
:[K[K [KESCESC[KOO[KBB[K    228 1261203450022359043
:[K[K [KESCESC[KOO[KBB[K    237 3065597900
:[K[K [KESCESC[KOO[KBB[K    237 997262774
:[K[K [KESCESC[KOO[KBB[K    242 59028892
:[K[K [KESCESC[KOO[KBB[K    250 1381367533
:[K[K [KESCESC[KOO[KBB[K    252 29090182
:[K[K [KESCESC[KOO[KBB[K    254 41653384
:[K[K [KESCESC[KOO[KBB[K    257 741282999031894016
:[K[K [KESCESC[KOO[KBB[K    261 1148374192586481664
:[K[K [KESCESC[KOO[KBB[K    280 828578052942741505
:[K[K [KESCESC[KOO[KBB[K    282 131042172
:[K[K [KESCESC[KOO[KBB[K    282 1496792408792903684
:[K[K [KESCESC[KOO[KBB[K    286 244954523
:[K[K [KESCESC[KOO[KBB[K    295 86010091
:[K[K [KESCESC[KOO[KBB[K    297 426361581
:[K[K [KESCESC[KOO[KBB[K    303 172373894
:[K[K [KESCESC[KOO[KBB[K    306 42091962
:[K[K [KESCESC[KOO[KBB[K    322 1471037967926018051
:[K[K [KESCESC[KOO[KBB[K    340 1031000589054828544
:[K[K [KESCESC[KOO[KBB[K    343 39508140
:[K[K [KESCESC[KOO[KBB[K    344 2800413166
:[K[K [KESCESC[KOO[KBB[K    345 331202888
:[K[K [KESCESC[KOO[KBB[K    347 989200133215617024
:[K[K [KESCESC[KOO[KBB[K    348 1220498873778626561
:[K[K [KESCESC[KOO[KBB[K    349 531521235
:[K[K [KESCESC[KOO[KBB[K    368 1921951394
:[K[K [KESCESC[KOO[KBB[K    382 29188599
:[K[K [KESCESC[KOO[KBB[K    398 1107055570106961920
:[K[K [KESCESC[KOO[KBB[K    401 936620120255934466
:[K[K [KESCESC[KOO[KBB[K    402 48074704
:[K[K [KESCESC[KOO[KBB[K    404 853523328
:[K[K [KESCESC[KOO[KBB[K    410 348764745
:[K[K [KESCESC[KOO[KBB[K    420 304241213
:[K[K [KESCESC[KOO[KBB[K    431 527445533
:[K[K [KESCESC[KOO[KBB[K    435 1373739644
:[K[K [KESCESC[KOO[KBB[K    444 838381908656603144
:[K[K [KESCESC[KOO[KBB[K    446 17531651
:[K[K [KESCESC[KOO[KBB[K    453 1442877975683293185
:[K[K [KESCESC[KOO[KBB[K    466 49608394
:[K[K [KESCESC[KOO[KBB[K    469 788555560836796416
:[K[K [KESCESC[KOO[KBB[K    483 981436419087523840
:[K[K [KESCESC[KOO[KBB[K    484 3130247577
:[K[K [KESCESC[KOO[KBB[K    519 1103424042911105035
:[K[K [KESCESC[KOO[KBB[K    521 1264114113925402624
:[K[K [KESCESC[KOO[KBB[K    528 1263391922657337345
:[K[K [KESCESC[KOO[KBB[K    537 18218403
:[K[K [KESCESC[KOO[KBB[K    538 4213849704
:[K[K [KESCESC[KOO[KBB[K    563 215475487
:[K[K [KESCESC[KOO[KBB[K    564 817979601653735424
:[K[K [KESCESC[KOO[KBB[K    572 196740371
:[K[K [KESCESC[KOO[KBB[K    581 2332033299
:[K[K [KESCESC[KOO[KBB[K    593 826615125297680384
:[K[K [KESCESC[KOO[KBB[K    599 2886667320
:[K[K [KESCESC[KOO[KBB[K    634 1475643712596168706
:[K[K [KESCESC[KOO[KBB[K    644 3453306553
:[K[K [KESCESC[KOO[KBB[K    651 713338984357695488
:[K[K [KESCESC[KOO[KBB[K    662 2574271742
:[K[K [KESCESC[KOO[KBB[K    680 4842395709
:[K[K [KESCESC[KOO[KBB[K    722 1486065115157843968
:[K[K [KESCESC[KOO[KBB[K    737 2556967117
:[K[K [KESCESC[KOO[KBB[K    742 19913106
:[K[K [KESCESC[KOO[KBB[K    756 631283641
:[K[K [KESCESC[KOO[KBB[K    759 1347898200183681024
:[K[K [KESCESC[KOO[KBB[K    761 1353306974939738113
:[K[K [KESCESC[KOO[KBB[K    773 3231054096
:[K[K [KESCESC[KOO[KBB[K    794 950215424981028864
:[K[K [KESCESC[KOO[KBB[K    796 940778288871542786
:[K[K [KESCESC[KOO[KBB[K    850 220863206
:[K[K [KESCESC[KOO[KBB[K    871 3040987923
:[K[K [KESCESC[KOO[KBB[K    886 971082899381305344
:[K[K [KESCESC[KOO[KBB[K    909 41186732
:[K[K [KESCESC[KOO[KBB[K    931 192374137
:[K[K [KESCESC[KOO[KBB[K    951 1155192156
:[K[K [KESCESC[KOO[KBB[K    958 135624348
:[K[K [KESCESC[KOO[KBB[K    996 22996614
:[K[K [KESCESC[KOO[KBB[K    997 139109800
:[K[K [KESCESC[KOO[KBB[K    998 1323186403614875648
:[K[K [KESCESC[KOO[KBB[K   1038 1011581275851943938
:[K[K [KESCESC[KOO[KBB[K   1047 118166719
:[K[K [KESCESC[KOO[KBB[K   1062 308045021
:[K[K [KESCESC[KOO[KBB[K   1070 4757894056
:[K[K [KESCESC[KOO[KBB[K   1128 36902944
:[K[K [KESCESC[KOO[KBB[K   1150 1335822241234358274
:[K[K [KESCESC[KOO[KBB[K   1176 711608180535640064
:[K[K [KESCESC[KOO[KBB[K   1190 2530758806
:[K[K [KESCESC[KOO[KBB[K   1286 1028022611324747776
:[K[K [KESCESC[KOO[KBB[K   1375 1229752606714728454
:[K[K [KESCESC[KOO[KBB[K   1377 1308267623327518725
:[K[K [KESCESC[KOO[KBB[K   1420 77726331
:[K[K [KESCESC[KOO[KBB[K   1432 419951447
:[K[K [KESCESC[KOO[KBB[K   1665 1060440219097423872
:[K[K [KESCESC[KOO[KBB[K   1673 177400353
:[K[K [KESCESC[KOO[KBB[K   1872 832019161454817280
:[K[K [KESCESC[KOO[KBB[K   1923 1387010761994682371
:[K[K [KESCESC[KOO[KBB[K   1965 1393331109451247616
:[K[K [KESCESC[KOO[KBB[K   2029 943925946
:[K[K [KESCESC[KOO[KBB[K   2062 614600545
:[K[K [KESCESC[KOO[KBB[K   2170 199452338
:[K[K [KESCESC[KOO[KBB[K   2218 870244616003403781
:[K[K [KESCESC[KOO[KBB[K   2282 804582780298412032
:[K[K [KESCESC[KOO[KBB[K   2545 29447428
:[K[K [KESCESC[KOO[KBB[K   2760 45379403
:[K[K [KESCESC[KOO[KBB[K   2878 2156874201
:[K[K [KESCESC[KOO[KBB[K   3214 970109612597895168
:[K[K [KESCESC[KOO[KBB[K   3695 1473384969699569669
:[K[K [KESCESC[KOO[KBB[K   5290 578601744
:[K[K [KESCESC[KOO[KBB[K   7793 302984766
as1.txt		   asciihashtags.txt  cutusers.txt   hashtaglinecount.txt  sortedtweets.txt  temp   tempwithperms  test.txt
asciihashtags.csv  cuttweets.txt      grepgreat.txt  hashtags.csv	   sortedusers.txt   temp3  testdirectory
bash-4.4$ cut -d , -f [K2 hashtags.csv > u[Kcuthashtags.csv[K[K[Ktxt
bash-4.4$ less cuthashtags.txt 
[?1049h[22;0;0t[?1h=hashtags
awesomepeopleontwitter
journalism
npr
lc
exercise
buddhism
buddhism
obgyntwitter
busymom
history
covid19
busymom
bodybreak
longcovid
immunizeunder5s
covidisntover
takingabreak
exercise
thankyoudonwinslow
covid19
longcovid
bbcnews
longcovid
liar
covid19
she
liar
localelectionsmatter
teamclots
microclots
yoga
busymom
chives
authenticchinesefood
indoorbiking
exercise
[7mcuthashtags.txt[27m[K[K[?1l>[?1049l[23;0;0tbash-4.4$ sort hashtags[K[K[K[K[K[K[K[K[K cuthashtags.txt | uniq -c | sort -h > sortedhashtags.txt
bash-4.4$ less sortedhashtags.txt 
[?1049h[22;0;0t[?1h=      1 파렌하이트
      1 악의마음을읽는자들
      1 우주최강킹남길탄신일
      1 너의우주에행복만_남길
      1 지성이_생일_와앙_행복해
      1 안녕_잘_가
      1 0td
      1 100daysofmlcode
      1 101wildlifecrossing
      1 10avril
      1 10generals
      1 10yearchallenge
      1 11forthe11th
      1 12th
      1 12ปี10เมษา
      1 13districtstrong
      1 13feb
      1 17thcentury
      1 1950swomen
      1 1billion
      1 1m700ksayloveohm
      1 1st
      1 1stapril
      1 1sttractorarmordivision
      1 2019intake
      1 2022nfldraft
      1 21stcentury
      1 22222day
      1 25thamendment
      1 25η_μαρτιου
      1 25ημαρτιου
      1 2baba
      1 2beeworld
      1 2danimation
      1 2januaritwitterdemonstratie
      1 2sday
    274 onpoli
    275 longla
    277 covid19ab
    279 israel
    280 เจ้าแก้มก้อน
    287 amhara
    294 genocide
    298 cdnpoli
    306 auschwitz
    321 ottawa
    331 stopputinnow
    347 bcpoli
    355 ukrainian
    378 covidisairborne
    385 auspol
    390 putinwarcriminal
    410 pmqs
    431 brexit
    465 partygate
    483 kyiv
    508 mariupol
    514 ba2
    558 putinhitler
    564 putin
    575 breaking
    593 ableg
    715 ethiopia
    751 covid
    768 russian
    780 omicron
    908 fbpe
    916 standwithukraine
    921 followbackfriday
   1691 russia
   1831 longcovid
   2706 covid19
   3922 ukraine
[7m(END)[27m[K[K[?1l>[?1049l[23;0;0tbash-4.4$ tial [K[K[K[Kail sortedhashtags.txt 
    751 covid
    768 russian
    780 omicron
    908 fbpe
    916 standwithukraine
    921 followbackfriday
   1691 russia
   1831 longcovid
   2706 covid19
   3922 ukraine
bash-4.4$ wc -l < sortedhashtags.txt > numberofsortedhashtags.txt
bash-4.4$ wc - l [K[K[K[K[K[Kc -l < sortedtweets.txt > numberofsortedtweets.txt
bash-4.4$ less numberofsortedhashtags.txt 
[?1049h[22;0;0t[?1h=20258
[7mnumberofsortedhashtags.txt (END)[27m[K[K[?1l>[?1049l[23;0;0tbash-4.4$ less numberofsortedtweets.txt 
[?1049h[22;0;0t[?1h=64698
[7mnumberofsortedtweets.txt (END)[27m[K[K[?1l>[?1049l[23;0;0tbash-4.4$ exit

Script done on 2023-02-28 02:20:24-05:00
